// Jest Snapshot v1, https://goo.gl/fbAQLP

exports[`Test App component should validate the component 1`] = `
<div>
  <nav
    className="navbar navbar-expand navbar-light bg-light fixed-top"
  >
    <a
      className="navbar-brand"
      href="#home"
    >
      <img
        alt="Level Up Logo"
        className=""
        data-testid="logo"
        height="48"
        src="logo.png"
      />
    </a>
  </nav>
  <div>
    <img
      alt="Star Wars Banner"
      className=""
      data-testid="banner"
      src="banner.jpg"
      style={
        Object {
          "opacity": 0.6,
        }
      }
      width="100%"
    />
    <div
      style={
        Object {
          "marginBottom": 50,
          "marginLeft": 100,
          "marginRight": 100,
          "marginTop": 30,
        }
      }
    >
      <div
        className="card-deck"
      >
        <div
          className="card"
        >
          <img
            className="card-img-top"
            src="https://swdestinydb.com/bundles/cards/en/02/02001.jpg"
          />
          <div
            className="card-body"
          >
            <div
              className="card-title h5"
            >
              Death Tropper
            </div>
            <p
              className="card-text"
            >
              <div
                style={
                  Object {
                    "textAlign": "right",
                    "widht": "100%",
                  }
                }
              >
                $1.00
              </div>
            </p>
          </div>
          <div
            className="card-footer"
          >
            <small
              className="text-muted"
            >
              Add to cart
            </small>
          </div>
        </div>
        <div
          className="card"
        >
          <img
            className="card-img-top"
            src="https://swdestinydb.com/bundles/cards/en/02/02002.jpg"
          />
          <div
            className="card-body"
          >
            <div
              className="card-title h5"
            >
              FN-2199
            </div>
            <p
              className="card-text"
            >
              <div
                style={
                  Object {
                    "textAlign": "right",
                    "widht": "100%",
                  }
                }
              >
                $1.00
              </div>
            </p>
          </div>
          <div
            className="card-footer"
          >
            <small
              className="text-muted"
            >
              Add to cart
            </small>
          </div>
        </div>
        <div
          className="card"
        >
          <img
            className="card-img-top"
            src="https://swdestinydb.com/bundles/cards/en/02/02003.jpg"
          />
          <div
            className="card-body"
          >
            <div
              className="card-title h5"
            >
              Director Krennic
            </div>
            <p
              className="card-text"
            >
              <div
                style={
                  Object {
                    "textAlign": "right",
                    "widht": "100%",
                  }
                }
              >
                $1.00
              </div>
            </p>
          </div>
          <div
            className="card-footer"
          >
            <small
              className="text-muted"
            >
              Add to cart
            </small>
          </div>
        </div>
        <div
          className="card"
        >
          <img
            className="card-img-top"
            src="https://swdestinydb.com/bundles/cards/en/02/02004.jpg"
          />
          <div
            className="card-body"
          >
            <div
              className="card-title h5"
            >
              The Pilot
            </div>
            <p
              className="card-text"
            >
              <div
                style={
                  Object {
                    "textAlign": "right",
                    "widht": "100%",
                  }
                }
              >
                $1.00
              </div>
            </p>
          </div>
          <div
            className="card-footer"
          >
            <small
              className="text-muted"
            >
              Add to cart
            </small>
          </div>
        </div>
        <div
          className="card"
        >
          <img
            className="card-img-top"
            src="https://swdestinydb.com/bundles/cards/en/02/02005.jpg"
          />
          <div
            className="card-body"
          >
            <div
              className="card-title h5"
            >
              E'web Placement
            </div>
            <p
              className="card-text"
            >
              <div
                style={
                  Object {
                    "textAlign": "right",
                    "widht": "100%",
                  }
                }
              >
                $1.00
              </div>
            </p>
          </div>
          <div
            className="card-footer"
          >
            <small
              className="text-muted"
            >
              Add to cart
            </small>
          </div>
        </div>
      </div>
      <div
        style={
          Object {
            "marginBottom": 50,
            "marginLeft": 100,
            "marginRight": 100,
            "marginTop": 30,
          }
        }
      />
      <div
        className="card-deck"
      >
        <div
          className="card"
        >
          <img
            className="card-img-top"
            src="https://swdestinydb.com/bundles/cards/en/02/02001.jpg"
          />
          <div
            className="card-body"
          >
            <div
              className="card-title h5"
            >
              Death Tropper
            </div>
            <p
              className="card-text"
            >
              <div
                style={
                  Object {
                    "textAlign": "right",
                    "widht": "100%",
                  }
                }
              >
                $1.00
              </div>
            </p>
          </div>
          <div
            className="card-footer"
          >
            <small
              className="text-muted"
            >
              Add to cart
            </small>
          </div>
        </div>
        <div
          className="card"
        >
          <img
            className="card-img-top"
            src="https://swdestinydb.com/bundles/cards/en/02/02002.jpg"
          />
          <div
            className="card-body"
          >
            <div
              className="card-title h5"
            >
              FN-2199
            </div>
            <p
              className="card-text"
            >
              <div
                style={
                  Object {
                    "textAlign": "right",
                    "widht": "100%",
                  }
                }
              >
                $1.00
              </div>
            </p>
          </div>
          <div
            className="card-footer"
          >
            <small
              className="text-muted"
            >
              Add to cart
            </small>
          </div>
        </div>
        <div
          className="card"
        >
          <img
            className="card-img-top"
            src="https://swdestinydb.com/bundles/cards/en/02/02003.jpg"
          />
          <div
            className="card-body"
          >
            <div
              className="card-title h5"
            >
              Director Krennic
            </div>
            <p
              className="card-text"
            >
              <div
                style={
                  Object {
                    "textAlign": "right",
                    "widht": "100%",
                  }
                }
              >
                $1.00
              </div>
            </p>
          </div>
          <div
            className="card-footer"
          >
            <small
              className="text-muted"
            >
              Add to cart
            </small>
          </div>
        </div>
        <div
          className="card"
        >
          <img
            className="card-img-top"
            src="https://swdestinydb.com/bundles/cards/en/02/02004.jpg"
          />
          <div
            className="card-body"
          >
            <div
              className="card-title h5"
            >
              The Pilot
            </div>
            <p
              className="card-text"
            >
              <div
                style={
                  Object {
                    "textAlign": "right",
                    "widht": "100%",
                  }
                }
              >
                $1.00
              </div>
            </p>
          </div>
          <div
            className="card-footer"
          >
            <small
              className="text-muted"
            >
              Add to cart
            </small>
          </div>
        </div>
        <div
          className="card"
        >
          <img
            className="card-img-top"
            src="https://swdestinydb.com/bundles/cards/en/02/02005.jpg"
          />
          <div
            className="card-body"
          >
            <div
              className="card-title h5"
            >
              E'web Placement
            </div>
            <p
              className="card-text"
            >
              <div
                style={
                  Object {
                    "textAlign": "right",
                    "widht": "100%",
                  }
                }
              >
                $1.00
              </div>
            </p>
          </div>
          <div
            className="card-footer"
          >
            <small
              className="text-muted"
            >
              Add to cart
            </small>
          </div>
        </div>
      </div>
    </div>
  </div>
  <nav
    className="navbar navbar-expand navbar-light bg-success fixed-bottom"
  >
    <div
      data-testid="footer-text"
      style={
        Object {
          "color": "white",
          "textAlign": "center",
          "width": "100%",
        }
      }
    >
      Star Wars 2020 All rights reserved. Copyright Level Up 
    </div>
  </nav>
</div>
`;
