// Jest Snapshot v1, https://goo.gl/fbAQLP

exports[`Test App component should validate the component 1`] = `
<div>
  <nav
    className="navbar navbar-expand navbar-light bg-light fixed-top"
  >
    <a
      className="navbar-brand"
      href="#home"
    >
      <img
        alt="Level Up Logo"
        className=""
        data-testid="logo"
        height="48"
        src="logo.png"
      />
    </a>
  </nav>
  <img
    alt="Star Wars Banner"
    className=""
    data-testid="banner"
    src="banner.jpg"
    style={
      Object {
        "opacity": 0.6,
      }
    }
    width="100%"
  />
  <nav
    className="navbar navbar-expand navbar-light bg-success fixed-bottom"
  >
    <div
      data-testid="footer-text"
      style={
        Object {
          "color": "white",
          "textAlign": "center",
          "width": "100%",
        }
      }
    >
      Star Wars 2020 All rights reserved. Copyright Level Upâ€©
    </div>
  </nav>
</div>
`;
