// Jest Snapshot v1, https://goo.gl/fbAQLP

exports[`Test Header component should validate the Header component 1`] = `
<img
  alt="Star Wars Banner"
  className=""
  data-testid="banner"
  src="banner.png"
  style={
    Object {
      "opacity": 0.6,
    }
  }
  width="100%"
/>
`;
