// Jest Snapshot v1, https://goo.gl/fbAQLP

exports[`Test Body component should validate the Body component 1`] = `
<div
  data-testid="body"
>
  Body
</div>
`;
