// Jest Snapshot v1, https://goo.gl/fbAQLP

exports[`Test Footer component should validate the Footer component 1`] = `
<nav
  className="navbar navbar-expand navbar-light bg-success fixed-bottom"
>
  <div
    data-testid="footer-text"
    style={
      Object {
        "color": "white",
        "textAlign": "center",
        "width": "100%",
      }
    }
  >
    Star Wars 2020 All rights reserved. Copyright Level Upâ€©
  </div>
</nav>
`;
